#0 building with "desktop-linux" instance using docker driver

#1 [internal] load build definition from Dockerfile
#1 transferring dockerfile: 4.56kB 0.0s done
#1 DONE 0.0s

#2 resolve image config for docker-image://docker.io/docker/dockerfile:1
#2 DONE 0.3s

#3 docker-image://docker.io/docker/dockerfile:1@sha256:87999aa3d42bdc6bea60565083ee17e86d1f3339802f543c0d03998580f9cb89
#3 resolve docker.io/docker/dockerfile:1@sha256:87999aa3d42bdc6bea60565083ee17e86d1f3339802f543c0d03998580f9cb89 0.0s done
#3 CACHED

#4 [internal] load metadata for mcr.microsoft.com/dotnet/aspnet:8.0
#4 ...

#5 [internal] load metadata for mcr.microsoft.com/dotnet/sdk:8.0
#5 DONE 0.3s

#4 [internal] load metadata for mcr.microsoft.com/dotnet/aspnet:8.0
#4 DONE 0.3s

#6 [internal] load .dockerignore
#6 transferring context: 302B 0.0s done
#6 DONE 0.0s

#7 [stage-2 1/3] FROM mcr.microsoft.com/dotnet/aspnet:8.0@sha256:8f6a307ae32fb393a4b4bcde0a81f0ce3f0a715de0e5575df71f3030448f2dde
#7 resolve mcr.microsoft.com/dotnet/aspnet:8.0@sha256:8f6a307ae32fb393a4b4bcde0a81f0ce3f0a715de0e5575df71f3030448f2dde 0.1s done
#7 DONE 0.1s

#8 [app-build 1/6] FROM mcr.microsoft.com/dotnet/sdk:8.0@sha256:3c0edbfe1549dd93fb789dc96299a40df865ad7bffefcaf38e8c05940686d641
#8 resolve mcr.microsoft.com/dotnet/sdk:8.0@sha256:3c0edbfe1549dd93fb789dc96299a40df865ad7bffefcaf38e8c05940686d641 0.1s done
#8 CACHED

#9 [host-build 2/6] RUN apt-get update     && apt-get install -y --no-install-recommends git     && rm -rf /var/lib/apt/lists/*
#9 ...

#10 [internal] load build context
#10 transferring context: 1.14kB 0.0s done
#10 DONE 0.0s

#11 [app-build 3/6] COPY proj1.csproj ./
#11 CACHED

#12 [app-build 2/6] WORKDIR /src
#12 CACHED

#13 [app-build 4/6] RUN dotnet restore proj1.csproj
#13 CACHED

#14 [app-build 5/6] COPY . ./
#14 DONE 0.1s

#15 [app-build 6/6] RUN dotnet publish proj1.csproj -c Release -o /home/site/wwwroot
